-- Reverse condition (> to <, < to >) --
package a

import "fmt"

func a() {
	for i := 0; i > 10; i -= 2 { // want "Loop direction seems to be wrong."
		fmt.Println(i)
	}
	for i := 0; i >= 10; i -= 2 { // want "Loop direction seems to be wrong."
		fmt.Println(i)
	}
	for i := 0; 10 < i; i -= 2 { // want "Loop direction seems to be wrong."
		fmt.Println(i)
	}
	for i := 0; 10 <= i; i -= 2 { // want "Loop direction seems to be wrong."
		fmt.Println(i)
	}

	for i := 0; i < 10; i += 2 { // want "Loop direction seems to be wrong."
		fmt.Println(i)
	}
	for i := 0; i <= 10; i += 2 { // want "Loop direction seems to be wrong."
		fmt.Println(i)
	}
	for i := 0; 10 > i; i += 2 { // want "Loop direction seems to be wrong."
		fmt.Println(i)
	}
	for i := 0; 10 >= i; i += 2 { // want "Loop direction seems to be wrong."
		fmt.Println(i)
	}
}

-- Reverse assign (+= to -=, -= to +=) --
package a

import "fmt"

func a() {
	for i := 0; i < 10; i += 2 { // want "Loop direction seems to be wrong."
		fmt.Println(i)
	}
	for i := 0; i <= 10; i += 2 { // want "Loop direction seems to be wrong."
		fmt.Println(i)
	}
	for i := 0; 10 > i; i += 2 { // want "Loop direction seems to be wrong."
		fmt.Println(i)
	}
	for i := 0; 10 >= i; i += 2 { // want "Loop direction seems to be wrong."
		fmt.Println(i)
	}

	for i := 0; i > 10; i -= 2 { // want "Loop direction seems to be wrong."
		fmt.Println(i)
	}
	for i := 0; i >= 10; i -= 2 { // want "Loop direction seems to be wrong."
		fmt.Println(i)
	}
	for i := 0; 10 < i; i -= 2 { // want "Loop direction seems to be wrong."
		fmt.Println(i)
	}
	for i := 0; 10 <= i; i -= 2 { // want "Loop direction seems to be wrong."
		fmt.Println(i)
	}
}
